// Jest Snapshot v1, https://goo.gl/fbAQLP

exports[`ChatFrame renders 1`] = `
<div class="page">
  <div>abcd</div>
</div>
`;
