// Jest Snapshot v1, https://goo.gl/fbAQLP

exports[`VPage VPage로 감쌀 콘텐트를 default slot에 넣는다 1`] = `<div class="page">foobar</div>`;
