// Jest Snapshot v1, https://goo.gl/fbAQLP

exports[`VSpinner 렌더링 테스트 1`] = `<div class="spinner"></div>`;
